> Task :app:preBuild UP-TO-DATE
> Task :app:preDebugBuild UP-TO-DATE
> Task :app:generateDebugResValues
> Task :app:checkDebugAarMetadata
> Task :app:mapDebugSourceSetPaths
> Task :app:generateDebugResources
> Task :app:packageDebugResources
> Task :app:createDebugCompatibleScreenManifests
> Task :app:extractDeepLinksDebug
> Task :app:parseDebugLocalResources
> Task :app:processDebugMainManifest
> Task :app:processDebugManifest
> Task :app:processDebugManifestForPackage
> Task :app:mergeDebugResources
> Task :app:processDebugResources
> Task :app:kaptGenerateStubsDebugKotlin
> Task :app:kaptDebugKotlin

> Task :app:compileDebugKotlin FAILED
./gradlew.bat : e: fil
e:///D:/Inter(Pragamen
t)/android_kotlin_atte
ndance_tracker/app/src
/main/java/com/technik
h/employeeattendancetr
acking/repository/Atte
ndanceRepository.kt:29
:16 Type mismatch: 
inferred type is List<
AttendanceRecord> but 
Flow<List<AttendanceRe
cord>> was expected
At line:1 char:1
+ ./gradlew.bat 
compileDebugKotlin 
--console=plain 2>&1 
| Tee-Object -F ...
+ ~~~~~~~~~~~~~~~~~~~~
~~~~~~~~~~~~~~~~~~~~~~
~~~~~~~~~~~
    + CategoryInfo    
          : NotSpeci  
  fied: (e: file://   
 /D:/I...>> was ex    
pected:String) []    
, RemoteException
    + FullyQualifiedE 
   rrorId : NativeCo  
  mmandError
 
e: file:///D:/Inter(Pr
agament)/android_kotli
n_attendance_tracker/a
pp/src/main/java/com/t
echnikh/employeeattend
ancetracking/repositor
y/AttendanceRepository
.kt:29:30 Suspend 
function 'getAttendanc
eByEmployee' should 
be called only from a 
coroutine or another 
suspend function
e: file:///D:/Inter(Pr
agament)/android_kotli
n_attendance_tracker/a
pp/src/main/java/com/t
echnikh/employeeattend
ancetracking/ui/screen
s/reports/ReportsDashb
oard.kt:46:13 Type 
mismatch: inferred 
type is AttendanceDao 
but 
AttendanceRepository 
was expected
e: file:///D:/Inter(Pr
agament)/android_kotli
n_attendance_tracker/a
pp/src/main/java/com/t
echnikh/employeeattend
ancetracking/ui/screen
s/reports/ReportsDashb
oard.kt:47:13 Type 
mismatch: inferred 
type is WorkReasonDao 
but AppPreferences 
was expected

[Incubating] Problems report is available at: file:///D:/Inter(Pragament)/android_kotlin_attendance_tracker/build/reports/problems/problems-report.html

FAILURE: Build failed 
with an exception.

* What went wrong:
Execution failed for 
task ':app:compileDebu
gKotlin'.
> A failure occurred 
while executing org.je
tbrains.kotlin.compile
rRunner.GradleCompiler
RunnerWithWorkers$Grad
leKotlinCompilerWorkAc
tion
   > Compilation 
error. See log for 
more details

* Try:
> Run with 
--stacktrace option 
to get the stack 
trace.
> Run with --info or 
--debug option to get 
more log output.
> Run with --scan to 
get full insights.
> Get more help at htt
ps://help.gradle.org.

Deprecated Gradle features were used in this build, making it incompatible with Gradle 9.0.

You can use '--warning-mode all' to show the individual deprecation warnings and determine if they come from your own scripts or plugins.

For more on this, please refer to https://docs.gradle.org/8.13/userguide/command_line_interface.html#sec:command_line_warnings in the Gradle documentation.

BUILD FAILED in 10s
16 actionable tasks: 16 executed
